accountsservice
adobe-source-han-sans-cn-fonts
adobe-source-han-sans-jp-fonts
adobe-source-han-sans-kr-fonts
aic94xx-firmware
alacritty
alsa-utils
amd-ucode
arandr
arc-gtk-theme
arch-install-scripts
arcolinux-alacritty-git
arcolinux-grub-theme-vimix-git
arcolinux-keyring
arcolinux-mirrorlist-git
arcolinux-neofetch-git
arcolinux-paru-git
arcolinux-sddm-simplicity-git
arcolinux-systemd-services-git
arcolinux-wallpapers-git
arcolinuxd-system-config-git
arcolinuxd-welcome-app-git
audacity
base
base-devel
bash-completion
bat
beautysh
bibata-cursor-theme-bin
bind
blender
bluez
bluez-utils
brave-bin
broadcom-wl-dkms
btop
btrfs-progs
caddy
calc
catppuccin-gtk-theme-macchiato
chaotic-keyring
clonezilla
codespell
cryptsetup
ddrescue
dex
dhclient
dialog
diffutils
discord
dmidecode
dmraid
dnsmasq
dosfstools
duf
dunst-git
e2fsprogs
edid-decode-git
edk2-shell
efibootmgr
electron
eslint_d
ethtool
exfatprogs
expac
f2fs-tools
fatresize
fd
ffmpegthumbnailer
firefox-developer-edition
fontpreview
fsarchiver
fzf
gifsicle
gimp
git
gksu
glava
gnu-netcat
go
gpart
gparted
gpm
gptfdisk
gputest
grim
grub
gst-plugin-pipewire
gtk-layer-shell
gtk3-demos
guvcview
hdparm
hw-probe
hwinfo
hyperv
hyprland
hyprpicker-git
imagemagick
imv
inkscape
irssi
jfsutils
kitty
laptop-detect
lazygit
less
libcanberra
libdisplay-info
libfido2
libpulse
libpwquality
libusb-compat
libva-mesa-driver
linux
linux-atm
linux-firmware
linux-firmware-marvell
linux-firmware-qlogic
linux-headers
logrotate
lsb-release
lsd
lsscsi
lua-format
luacheck
luarocks
lvm2
lxappearance
man-db
man-pages
mc
mdadm
mediainfo
memtest86+
memtest86+-efi
mesa
micro
mkinitcpio
mkinitcpio-nfs-utils
mkinitcpio-openswap
mlocate
mobile-broadband-provider-info
modemmanager
mplayer
mpv
mpvpaper-git
mtools
nano
nbd
ncdu
ndisc6
neofetch
neovim
network-manager-applet
networkmanager
networkmanager-openconnect
networkmanager-openvpn
networkmanager-pptp
networkmanager-vpnc
nfs-utils
nilfs-utils
nodejs-live-server
noto-fonts
noto-fonts-cjk
noto-fonts-emoji
noto-fonts-extra
npm
ntfs-3g
ntp
numlockx
nvidia-dkms
nvidia-settings
nvidia-utils
nvimpager
nvme-cli
nvtop
olive-git
onetbb
open-iscsi
openconnect
openresolv
openssh
openvpn
os-prober
ouch
pacman-contrib
partclone
parted
partimage
paru
pcsclite
pipewire
pipewire-alsa
pipewire-jack
pipewire-pulse
playerctl
polkit
polkit-gnome
polkit-kde-agent
ppp
pptpclient
prettier
pulsemixer
pv
python-pip
python-pynvim
qbittorrent
qt5ct
rate-mirrors-bin
refind
reflector
reiserfsprogs
ripgrep
rocm-opencl-runtime
rp-pppoe
rsync
rtl8821cu-morrownr-dkms-git
rustup
rxvt-unicode
rxvt-unicode-terminfo
sardi-icons
screen
sd
sddm-git
sdparm
sg3_utils
shellcheck-bin
shellharden
slurp
smartmontools
socat
sof-firmware
spotify
spotifywm-git
squashfs-tools
starship
stylelint
stylua
sudo
surfn-icons-git
swaylock
syslinux
taplo-cli
tcpdump
terminus-font
testdisk
the_silver_searcher
tldr
tmux
tpm2-tss
trash-cli
ttf-dejavu
ttf-fira-code
ttf-hack
ttf-nerd-fonts-symbols-2048-em
udftools
unzip
upd72020x-fw
update-grub
upower
urxvt-fullscreen
urxvt-perls
urxvt-resize-font-git
usb_modeswitch
usbmuxd
usbutils
v4l2loopback-dkms
vial-appimage
vidir
vim
vlc
vpnc
wd719x-firmware
webcord-bin
wev
wf-recorder
wget
wireless-regdb
wireless_tools
wireplumber
wl-clipboard
wlr-brightness-git
wofi
wofi-emoji
wpa_supplicant
wvdial
xdg-user-dirs
xf86-input-elographics
xf86-input-libinput
xfsprogs
xkeyboard-config
xl2tpd
xorg-bdftopcf
xorg-iceauth
xorg-mkfontscale
xorg-server
xorg-sessreg
xorg-setxkbmap
xorg-smproxy
xorg-x11perf
xorg-xauth
xorg-xbacklight
xorg-xcmsdb
xorg-xcursorgen
xorg-xdpyinfo
xorg-xdriinfo
xorg-xev
xorg-xgamma
xorg-xhost
xorg-xinit
xorg-xinput
xorg-xkbcomp
xorg-xkbevd
xorg-xkbprint
xorg-xkbutils
xorg-xkill
xorg-xlsatoms
xorg-xlsclients
xorg-xmodmap
xorg-xpr
xorg-xprop
xorg-xrandr
xorg-xrdb
xorg-xrefresh
xorg-xset
xorg-xsetroot
xorg-xvinfo
xorg-xwd
xorg-xwininfo
xorg-xwud
xplr
yarn
yay-bin
zathura
zathura-pdf-mupdf
zoom
zoxide
zram-generator
zsh
